<html>
<body>
<pre>
<h1>µVision Build Log</h1>
<h2>Tool Versions:</h2>
IDE-Version: ¦ÌVision V5.14.0.0
Copyright (C) 2015 ARM Ltd and ARM Germany GmbH. All rights reserved.
License Information: 77 77, 77, LIC=BL28G-VYB2U-24SSS-LWR5P-JJCC7-BX6RB
 
Tool Versions:
Toolchain:       MDK-ARM Professional  Version: 5.14.0.0
Toolchain Path:  D:\ARM\ARM\ARMCC\Bin
C Compiler:      Armcc.exe V5.05 update 1 (build 106)
Assembler:       Armasm.exe V5.05 update 1 (build 106)
Linker/Locator:  ArmLink.exe V5.05 update 1 (build 106)
Library Manager: ArmAr.exe V5.05 update 1 (build 106)
Hex Converter:   FromElf.exe V5.05 update 1 (build 106)
CPU DLL:         SARMCM3.DLL V5.14.0.0
Dialog DLL:      DCM.DLL V1.13.1.0
Target DLL:      STLink\ST-LINKIII-KEIL_SWO.dll V2.0.14.0_KEIL
Dialog DLL:      TCM.DLL V1.14.4.0
 
<h2>Project:</h2>
D:\tencentfile\qqfile\Remote_01\Remote_01\MDK-ARM\Remote_01.uvprojx
Project File Date:  05/17/2022

<h2>Output:</h2>
Build target 'Remote_01'
compiling main.c...
../Core/Src/main.c(196): warning:  #188-D: enumerated type mixed with another type
                        HAL_GPIO_WritePin(GPIOF,GPIO_PIN_9,0);
../Core/Src/main.c(208): warning:  #188-D: enumerated type mixed with another type
                                        HAL_GPIO_WritePin(GPIOF,GPIO_PIN_9,1);
../Core/Src/main.c(209): warning:  #188-D: enumerated type mixed with another type
                                        HAL_GPIO_WritePin(GPIOF,GPIO_PIN_10,0);
../Core/Src/main.c(219): warning:  #188-D: enumerated type mixed with another type
                                HAL_GPIO_WritePin(GPIOF,GPIO_PIN_9,0);
../Core/Src/main.c(220): warning:  #188-D: enumerated type mixed with another type
                                HAL_GPIO_WritePin(GPIOF,GPIO_PIN_10,1);
../Core/Src/main.c(142): warning:  #177-D: variable "t" was declared but never referenced
        u8 t=0; 
../Core/Src/main.c: 6 warnings, 0 errors
linking...
Program Size: Code=8448 RO-data=448 RW-data=28 ZI-data=1164  
FromELF: creating hex file...
"Remote_01\Remote_01.axf" - 0 Error(s), 6 Warning(s).

<h2>Software Packages used:</h2>

Package Vendor: ARM
                http://www.keil.com/pack/ARM.CMSIS.4.2.0.pack
                ARM::CMSIS:CORE:3.40.0
                CMSIS (Cortex Microcontroller Software Interface Standard)
   * Component: CORE Version: 3.40.0

<h2>Collection of Component include folders:</h2>
  D:\tencentfile\qqfile\Remote_01\Remote_01\MDK-ARM\RTE
  D:\ARM\ARM\PACK\ARM\CMSIS\4.2.0\CMSIS\Include
  D:\ARM\ARM\PACK\Keil\STM32F4xx_DFP\1.0.8\Device\Include

<h2>Collection of Component Files used:</h2>

   * Component: ARM::CMSIS:CORE:3.40.0
      Source file:   CMSIS\UserCodeTemplates\ARM\ITM_Retarget.c
</pre>
</body>
</html>
